2026-04-27 10:07:15.854 [main] INFO  com.promo.otp.Main - Starting OTP Service...
2026-04-27 10:07:15.877 [main] INFO  com.promo.otp.config.DatabaseConfig - Connecting to database: jdbc:postgresql://postgres:5432/otp_service
2026-04-27 10:07:16.090 [main] INFO  com.zaxxer.hikari.HikariDataSource - OTP-HikariPool - Starting...
2026-04-27 10:07:17.342 [main] INFO  com.zaxxer.hikari.pool.HikariPool - OTP-HikariPool - Added connection org.postgresql.jdbc.PgConnection@485966cc
2026-04-27 10:07:17.351 [main] INFO  com.zaxxer.hikari.HikariDataSource - OTP-HikariPool - Start completed.
2026-04-27 10:07:17.352 [main] INFO  com.promo.otp.config.DatabaseConfig - Database connection pool created successfully
2026-04-27 10:07:17.366 [main] INFO  com.promo.otp.config.DatabaseConfig - Database connection test successful
2026-04-27 10:07:17.392 [main] INFO  com.promo.otp.Main - Database connection pool initialized
2026-04-27 10:07:17.400 [main] INFO  c.p.o.service.ExpiredCodesScheduler - Expired codes scheduler started
2026-04-27 10:07:17.403 [main] INFO  com.promo.otp.Main - Expired codes cleanup scheduler started
2026-04-27 10:07:18.207 [main] INFO  com.promo.otp.service.EmailService - Loaded email configuration
2026-04-27 10:07:18.260 [main] INFO  com.promo.otp.service.EmailService - Email notification service initialized
2026-04-27 10:07:18.263 [main] INFO  com.promo.otp.service.SmsService - Loaded SMS configuration
2026-04-27 10:07:18.266 [main] INFO  com.promo.otp.service.SmsService - SMS notification service initialized with host: localhost
2026-04-27 10:07:18.270 [main] INFO  c.promo.otp.service.TelegramService - Loaded Telegram configuration
2026-04-27 10:07:18.271 [main] INFO  c.promo.otp.service.TelegramService - Telegram notification service initialized
2026-04-27 10:07:18.275 [main] INFO  com.promo.otp.service.EmailService - Loaded email configuration
2026-04-27 10:07:18.284 [main] INFO  com.promo.otp.service.EmailService - Email notification service initialized
2026-04-27 10:07:18.287 [main] INFO  com.promo.otp.service.SmsService - Loaded SMS configuration
2026-04-27 10:07:18.287 [main] INFO  com.promo.otp.service.SmsService - SMS notification service initialized with host: localhost
2026-04-27 10:07:18.288 [main] INFO  c.promo.otp.service.TelegramService - Loaded Telegram configuration
2026-04-27 10:07:18.290 [main] INFO  c.promo.otp.service.TelegramService - Telegram notification service initialized
2026-04-27 10:07:18.340 [main] INFO  c.promo.otp.server.HttpServerManager - HTTP Server started on port 8080
2026-04-27 10:07:18.345 [main] INFO  com.promo.otp.Main - OTP Service started successfully on port 8080
2026-04-27 10:08:29.117 [Thread-1] INFO  com.promo.otp.Main - Shutting down OTP Service...
2026-04-27 10:08:29.121 [Thread-1] INFO  c.promo.otp.server.HttpServerManager - HTTP Server stopped
2026-04-27 10:08:29.122 [Thread-1] INFO  c.p.o.service.ExpiredCodesScheduler - Expired codes scheduler stopped
2026-04-27 10:08:29.122 [Thread-1] INFO  com.zaxxer.hikari.HikariDataSource - OTP-HikariPool - Shutdown initiated...
2026-04-27 10:08:29.132 [Thread-1] INFO  com.zaxxer.hikari.HikariDataSource - OTP-HikariPool - Shutdown completed.
2026-04-27 10:08:29.132 [Thread-1] INFO  com.promo.otp.config.DatabaseConfig - Database connection pool closed
2026-04-27 10:08:29.132 [Thread-1] INFO  com.promo.otp.Main - OTP Service stopped
2026-04-27 10:09:44.843 [main] INFO  com.promo.otp.Main - Starting OTP Service...
2026-04-27 10:09:44.851 [main] INFO  com.promo.otp.config.DatabaseConfig - Connecting to database: jdbc:postgresql://postgres:5432/otp_service
2026-04-27 10:09:44.995 [main] INFO  com.zaxxer.hikari.HikariDataSource - OTP-HikariPool - Starting...
2026-04-27 10:09:46.704 [main] INFO  com.zaxxer.hikari.pool.HikariPool - OTP-HikariPool - Added connection org.postgresql.jdbc.PgConnection@6fd83fc1
2026-04-27 10:09:46.708 [main] INFO  com.zaxxer.hikari.HikariDataSource - OTP-HikariPool - Start completed.
2026-04-27 10:09:46.709 [main] INFO  com.promo.otp.config.DatabaseConfig - Database connection pool created successfully
2026-04-27 10:09:46.717 [main] INFO  com.promo.otp.config.DatabaseConfig - Database connection test successful
2026-04-27 10:09:46.751 [main] INFO  com.promo.otp.Main - Database connection pool initialized
2026-04-27 10:09:46.787 [main] INFO  c.p.o.service.ExpiredCodesScheduler - Expired codes scheduler started
2026-04-27 10:09:46.788 [main] INFO  com.promo.otp.Main - Expired codes cleanup scheduler started
2026-04-27 10:09:47.594 [main] INFO  com.promo.otp.service.EmailService - Loaded email configuration
2026-04-27 10:09:47.648 [main] INFO  com.promo.otp.service.EmailService - Email notification service initialized
2026-04-27 10:09:47.651 [main] INFO  com.promo.otp.service.SmsService - Loaded SMS configuration
2026-04-27 10:09:47.653 [main] INFO  com.promo.otp.service.SmsService - SMS notification service initialized with host: localhost
2026-04-27 10:09:47.657 [main] INFO  c.promo.otp.service.TelegramService - Loaded Telegram configuration
2026-04-27 10:09:47.658 [main] INFO  c.promo.otp.service.TelegramService - Telegram notification service initialized
2026-04-27 10:09:47.661 [main] INFO  com.promo.otp.service.EmailService - Loaded email configuration
2026-04-27 10:09:47.671 [main] INFO  com.promo.otp.service.EmailService - Email notification service initialized
2026-04-27 10:09:47.672 [main] INFO  com.promo.otp.service.SmsService - Loaded SMS configuration
2026-04-27 10:09:47.672 [main] INFO  com.promo.otp.service.SmsService - SMS notification service initialized with host: localhost
2026-04-27 10:09:47.672 [main] INFO  c.promo.otp.service.TelegramService - Loaded Telegram configuration
2026-04-27 10:09:47.672 [main] INFO  c.promo.otp.service.TelegramService - Telegram notification service initialized
2026-04-27 10:09:47.765 [main] INFO  c.promo.otp.server.HttpServerManager - HTTP Server started on port 8080
2026-04-27 10:09:47.766 [main] INFO  com.promo.otp.Main - OTP Service started successfully on port 8080
2026-04-27 11:42:15.322 [main] INFO  com.promo.otp.Main - Starting OTP Service...
2026-04-27 11:42:15.350 [main] INFO  com.promo.otp.config.DatabaseConfig - Connecting to database: jdbc:postgresql://postgres:5432/otp_service
2026-04-27 11:42:15.657 [main] INFO  com.zaxxer.hikari.HikariDataSource - OTP-HikariPool - Starting...
2026-04-27 11:42:16.862 [main] INFO  com.zaxxer.hikari.pool.HikariPool - OTP-HikariPool - Added connection org.postgresql.jdbc.PgConnection@6fd83fc1
2026-04-27 11:42:16.871 [main] INFO  com.zaxxer.hikari.HikariDataSource - OTP-HikariPool - Start completed.
2026-04-27 11:42:16.872 [main] INFO  com.promo.otp.config.DatabaseConfig - Database connection pool created successfully
2026-04-27 11:42:16.883 [main] INFO  com.promo.otp.config.DatabaseConfig - Database connection test successful
2026-04-27 11:42:16.902 [main] INFO  com.promo.otp.Main - Database connection pool initialized
2026-04-27 11:42:16.909 [main] INFO  c.p.o.service.ExpiredCodesScheduler - Expired codes scheduler started
2026-04-27 11:42:16.918 [main] INFO  com.promo.otp.Main - Expired codes cleanup scheduler started
2026-04-27 11:42:17.662 [main] INFO  com.promo.otp.service.EmailService - Loaded email configuration
2026-04-27 11:42:17.714 [main] INFO  com.promo.otp.service.EmailService - Email notification service initialized
2026-04-27 11:42:17.716 [main] INFO  com.promo.otp.service.SmsService - Loaded SMS configuration
2026-04-27 11:42:17.717 [main] INFO  com.promo.otp.service.SmsService - SMS notification service initialized with host: localhost
2026-04-27 11:42:17.717 [main] INFO  c.promo.otp.service.TelegramService - Loaded Telegram configuration
2026-04-27 11:42:17.718 [main] INFO  c.promo.otp.service.TelegramService - Telegram notification service initialized
2026-04-27 11:42:17.721 [main] INFO  com.promo.otp.service.EmailService - Loaded email configuration
2026-04-27 11:42:17.725 [main] INFO  com.promo.otp.service.EmailService - Email notification service initialized
2026-04-27 11:42:17.726 [main] INFO  com.promo.otp.service.SmsService - Loaded SMS configuration
2026-04-27 11:42:17.726 [main] INFO  com.promo.otp.service.SmsService - SMS notification service initialized with host: localhost
2026-04-27 11:42:17.727 [main] INFO  c.promo.otp.service.TelegramService - Loaded Telegram configuration
2026-04-27 11:42:17.727 [main] INFO  c.promo.otp.service.TelegramService - Telegram notification service initialized
2026-04-27 11:42:17.777 [main] INFO  c.promo.otp.server.HttpServerManager - HTTP Server started on port 8080
2026-04-27 11:42:17.777 [main] INFO  com.promo.otp.Main - OTP Service started successfully on port 8080
2026-04-27 12:47:21.885 [Thread-1] INFO  com.promo.otp.Main - Shutting down OTP Service...
2026-04-27 12:47:21.904 [Thread-1] INFO  c.promo.otp.server.HttpServerManager - HTTP Server stopped
2026-04-27 12:47:21.914 [Thread-1] INFO  c.p.o.service.ExpiredCodesScheduler - Expired codes scheduler stopped
2026-04-27 12:47:21.916 [Thread-1] INFO  com.zaxxer.hikari.HikariDataSource - OTP-HikariPool - Shutdown initiated...
2026-04-27 12:47:21.929 [Thread-1] INFO  com.zaxxer.hikari.HikariDataSource - OTP-HikariPool - Shutdown completed.
2026-04-27 12:47:21.930 [Thread-1] INFO  com.promo.otp.config.DatabaseConfig - Database connection pool closed
2026-04-27 12:47:21.930 [Thread-1] INFO  com.promo.otp.Main - OTP Service stopped
2026-04-27 12:47:56.695 [main] INFO  com.promo.otp.Main - Starting OTP Service...
2026-04-27 12:47:56.727 [main] INFO  com.promo.otp.config.DatabaseConfig - Connecting to database: jdbc:postgresql://postgres:5432/otp_service
2026-04-27 12:47:56.807 [main] INFO  com.zaxxer.hikari.HikariDataSource - OTP-HikariPool - Starting...
2026-04-27 12:47:57.926 [main] INFO  com.zaxxer.hikari.pool.HikariPool - OTP-HikariPool - Added connection org.postgresql.jdbc.PgConnection@6fd83fc1
2026-04-27 12:47:57.932 [main] INFO  com.zaxxer.hikari.HikariDataSource - OTP-HikariPool - Start completed.
2026-04-27 12:47:57.933 [main] INFO  com.promo.otp.config.DatabaseConfig - Database connection pool created successfully
2026-04-27 12:47:57.938 [main] INFO  com.promo.otp.config.DatabaseConfig - Database connection test successful
2026-04-27 12:47:57.963 [main] INFO  com.promo.otp.Main - Database connection pool initialized
2026-04-27 12:47:57.979 [main] INFO  c.p.o.service.ExpiredCodesScheduler - Expired codes scheduler started
2026-04-27 12:47:57.986 [main] INFO  com.promo.otp.Main - Expired codes cleanup scheduler started
2026-04-27 12:47:58.728 [main] INFO  com.promo.otp.service.EmailService - Loaded email configuration
2026-04-27 12:47:58.806 [main] INFO  com.promo.otp.service.EmailService - Email notification service initialized
2026-04-27 12:47:58.810 [main] INFO  com.promo.otp.service.SmsService - Loaded SMS configuration
2026-04-27 12:47:58.810 [main] INFO  com.promo.otp.service.SmsService - SMS notification service initialized with host: localhost
2026-04-27 12:47:58.812 [main] INFO  c.promo.otp.service.TelegramService - Loaded Telegram configuration
2026-04-27 12:47:58.812 [main] INFO  c.promo.otp.service.TelegramService - Telegram notification service initialized
2026-04-27 12:47:58.819 [main] INFO  com.promo.otp.service.EmailService - Loaded email configuration
2026-04-27 12:47:58.828 [main] INFO  com.promo.otp.service.EmailService - Email notification service initialized
2026-04-27 12:47:58.829 [main] INFO  com.promo.otp.service.SmsService - Loaded SMS configuration
2026-04-27 12:47:58.829 [main] INFO  com.promo.otp.service.SmsService - SMS notification service initialized with host: localhost
2026-04-27 12:47:58.830 [main] INFO  c.promo.otp.service.TelegramService - Loaded Telegram configuration
2026-04-27 12:47:58.830 [main] INFO  c.promo.otp.service.TelegramService - Telegram notification service initialized
2026-04-27 12:47:58.877 [main] INFO  c.promo.otp.server.HttpServerManager - HTTP Server started on port 8080
2026-04-27 12:47:58.878 [main] INFO  com.promo.otp.Main - OTP Service started successfully on port 8080
