2026-04-29 07:45:39.249 [main] INFO  com.promo.otp.Main - Starting OTP Service...
2026-04-29 07:45:39.291 [main] INFO  com.promo.otp.config.DatabaseConfig - Connecting to database: jdbc:postgresql://postgres:5432/otp_service
2026-04-29 07:45:39.430 [main] INFO  com.zaxxer.hikari.HikariDataSource - OTP-HikariPool - Starting...
2026-04-29 07:45:41.107 [main] INFO  com.zaxxer.hikari.pool.HikariPool - OTP-HikariPool - Added connection org.postgresql.jdbc.PgConnection@485966cc
2026-04-29 07:45:41.115 [main] INFO  com.zaxxer.hikari.HikariDataSource - OTP-HikariPool - Start completed.
2026-04-29 07:45:41.117 [main] INFO  com.promo.otp.config.DatabaseConfig - Database connection pool created successfully
2026-04-29 07:45:41.126 [main] INFO  com.promo.otp.config.DatabaseConfig - Database connection test successful
2026-04-29 07:45:41.172 [main] INFO  com.promo.otp.Main - Database connection pool initialized
2026-04-29 07:45:41.192 [main] INFO  c.p.o.service.ExpiredCodesScheduler - Expired codes scheduler started
2026-04-29 07:45:41.193 [main] INFO  com.promo.otp.Main - Expired codes cleanup scheduler started
2026-04-29 07:45:42.182 [main] INFO  com.promo.otp.service.EmailService - Loaded email configuration
2026-04-29 07:45:42.241 [main] INFO  com.promo.otp.service.EmailService - Email notification service initialized
2026-04-29 07:45:42.242 [main] INFO  com.promo.otp.service.SmsService - Loaded SMS configuration
2026-04-29 07:45:42.243 [main] INFO  com.promo.otp.service.SmsService - SMS notification service initialized with host: localhost
2026-04-29 07:45:42.244 [main] INFO  c.promo.otp.service.TelegramService - Loaded Telegram configuration
2026-04-29 07:45:42.249 [main] INFO  c.promo.otp.service.TelegramService - Telegram notification service initialized
2026-04-29 07:45:42.251 [main] INFO  com.promo.otp.service.EmailService - Loaded email configuration
2026-04-29 07:45:42.258 [main] INFO  com.promo.otp.service.EmailService - Email notification service initialized
2026-04-29 07:45:42.258 [main] INFO  com.promo.otp.service.SmsService - Loaded SMS configuration
2026-04-29 07:45:42.259 [main] INFO  com.promo.otp.service.SmsService - SMS notification service initialized with host: localhost
2026-04-29 07:45:42.259 [main] INFO  c.promo.otp.service.TelegramService - Loaded Telegram configuration
2026-04-29 07:45:42.259 [main] INFO  c.promo.otp.service.TelegramService - Telegram notification service initialized
2026-04-29 07:45:42.340 [main] INFO  c.promo.otp.server.HttpServerManager - HTTP Server started on port 8080
2026-04-29 07:45:42.340 [main] INFO  com.promo.otp.Main - OTP Service started successfully on port 8080
2026-04-29 07:49:08.651 [Thread-1] INFO  com.promo.otp.Main - Shutting down OTP Service...
2026-04-29 07:49:08.654 [Thread-1] INFO  c.promo.otp.server.HttpServerManager - HTTP Server stopped
2026-04-29 07:49:08.656 [Thread-1] INFO  c.p.o.service.ExpiredCodesScheduler - Expired codes scheduler stopped
2026-04-29 07:49:08.657 [Thread-1] INFO  com.zaxxer.hikari.HikariDataSource - OTP-HikariPool - Shutdown initiated...
2026-04-29 07:49:08.663 [Thread-1] INFO  com.zaxxer.hikari.HikariDataSource - OTP-HikariPool - Shutdown completed.
2026-04-29 07:49:08.664 [Thread-1] INFO  com.promo.otp.config.DatabaseConfig - Database connection pool closed
2026-04-29 07:49:08.664 [Thread-1] INFO  com.promo.otp.Main - OTP Service stopped
